[2026-02-09 17:20:01] INFO  Idle process heartbeat: System state nominal.
[2026-02-09 17:20:11] INFO  Routine polling: No updates found.
[2026-02-09 17:20:21] DEBUG Thread id=0842 reporting status: Awaiting instruction.
[2026-02-09 17:20:31] INFO  Idle process heartbeat: System state nominal.
[2026-02-09 17:20:41] TRACE Buffer check: 0 bytes pending.
[2026-02-09 17:20:51] INFO  Routine polling: No updates found.
[2026-02-09 17:21:01] INFO  Idle process heartbeat: System state nominal.
[2026-02-09 17:21:11] DEBUG Maintenance task 'noop' completed in 0.001ms.
[2026-02-09 17:21:21] INFO  Routine polling: No updates found.
[2026-02-09 17:21:31] INFO  Idle process heartbeat: System state nominal.
[2026-02-09 17:21:41] TRACE Cache integrity: Verified (unchanged).
[2026-02-09 17:21:51] INFO  Routine polling: No updates found.
[2026-02-09 17:22:01] INFO  Idle process heartbeat: System state nominal.
[2026-02-09 17:22:11] DEBUG Keep-alive packet sent to localhost.
[2026-02-09 17:22:21] INFO  Routine polling: No updates found.
[2026-02-09 17:22:31] INFO  Idle process heartbeat: System state nominal.
[2026-02-09 17:22:41] TRACE Stack scan: No anomalies detected.
[2026-02-09 17:22:51] INFO  Routine polling: No updates found.
[2026-02-09 17:23:01] INFO  Idle process heartbeat: System state nominal.
[2026-02-09 17:23:11] DEBUG System clock sync: 0.000s offset.